// Jest Snapshot v1, https://goo.gl/fbAQLP

exports[`TEST_LoginPage should render correct2 1`] = `
Object {
  "asFragment": [Function],
  "baseElement": <body>
    <div>
      <div
        class="LoginPage__box"
      >
        <div
          class="LoginPage__title"
        >
          Employee Polls
        </div>
        <div
          class="LoginPage__imageBox"
        >
          <img
            alt="loginImage"
            class="LoginPage__image"
            src="LoginImage.png"
          />
        </div>
        <form
          class="LoginPage__formBox"
        >
          <div
            class="mb-3"
          >
            <label
              class="LoginPage__label form-label"
              for="username"
            >
              User:
            </label>
            <select
              class="form-select"
              id="username"
              placeholder="fill username..."
              required=""
            >
              <option
                disabled=""
                value=""
              >
                Select user
              </option>
            </select>
          </div>
          <div
            class="mb-3"
          >
            <label
              class="LoginPage__label form-label"
              for="password"
            >
              Password:
            </label>
            <input
              class="form-control"
              id="password"
              placeholder="Password"
              required=""
              type="password"
              value=""
            />
          </div>
          <button
            class="LoginPage__btnLogin btn btn-primary"
            type="submit"
          >
            Submit
          </button>
        </form>
      </div>
    </div>
  </body>,
  "container": <div>
    <div
      class="LoginPage__box"
    >
      <div
        class="LoginPage__title"
      >
        Employee Polls
      </div>
      <div
        class="LoginPage__imageBox"
      >
        <img
          alt="loginImage"
          class="LoginPage__image"
          src="LoginImage.png"
        />
      </div>
      <form
        class="LoginPage__formBox"
      >
        <div
          class="mb-3"
        >
          <label
            class="LoginPage__label form-label"
            for="username"
          >
            User:
          </label>
          <select
            class="form-select"
            id="username"
            placeholder="fill username..."
            required=""
          >
            <option
              disabled=""
              value=""
            >
              Select user
            </option>
          </select>
        </div>
        <div
          class="mb-3"
        >
          <label
            class="LoginPage__label form-label"
            for="password"
          >
            Password:
          </label>
          <input
            class="form-control"
            id="password"
            placeholder="Password"
            required=""
            type="password"
            value=""
          />
        </div>
        <button
          class="LoginPage__btnLogin btn btn-primary"
          type="submit"
        >
          Submit
        </button>
      </form>
    </div>
  </div>,
  "debug": [Function],
  "findAllByAltText": [Function],
  "findAllByDisplayValue": [Function],
  "findAllByLabelText": [Function],
  "findAllByPlaceholderText": [Function],
  "findAllByRole": [Function],
  "findAllByTestId": [Function],
  "findAllByText": [Function],
  "findAllByTitle": [Function],
  "findByAltText": [Function],
  "findByDisplayValue": [Function],
  "findByLabelText": [Function],
  "findByPlaceholderText": [Function],
  "findByRole": [Function],
  "findByTestId": [Function],
  "findByText": [Function],
  "findByTitle": [Function],
  "getAllByAltText": [Function],
  "getAllByDisplayValue": [Function],
  "getAllByLabelText": [Function],
  "getAllByPlaceholderText": [Function],
  "getAllByRole": [Function],
  "getAllByTestId": [Function],
  "getAllByText": [Function],
  "getAllByTitle": [Function],
  "getByAltText": [Function],
  "getByDisplayValue": [Function],
  "getByLabelText": [Function],
  "getByPlaceholderText": [Function],
  "getByRole": [Function],
  "getByTestId": [Function],
  "getByText": [Function],
  "getByTitle": [Function],
  "queryAllByAltText": [Function],
  "queryAllByDisplayValue": [Function],
  "queryAllByLabelText": [Function],
  "queryAllByPlaceholderText": [Function],
  "queryAllByRole": [Function],
  "queryAllByTestId": [Function],
  "queryAllByText": [Function],
  "queryAllByTitle": [Function],
  "queryByAltText": [Function],
  "queryByDisplayValue": [Function],
  "queryByLabelText": [Function],
  "queryByPlaceholderText": [Function],
  "queryByRole": [Function],
  "queryByTestId": [Function],
  "queryByText": [Function],
  "queryByTitle": [Function],
  "rerender": [Function],
  "unmount": [Function],
}
`;
